// Jest Snapshot v1, https://goo.gl/fbAQLP

exports[`Button ui 1`] = `
ShallowWrapper {
  "complexSelector": ComplexSelector {
    "buildPredicate": [Function],
    "childrenOfNode": [Function],
    "findWhereUnwrapped": [Function],
  },
  "length": 1,
  "node": <span
    className="tag tag-outline-danger tag-pill"
>
    <span
        className="tag-close"
        onClick={[Function]}
    >
        ×
    </span>
</span>,
  "nodes": Array [
    <span
      className="tag tag-outline-danger tag-pill"
>
      <span
            className="tag-close"
            onClick={[Function]}
      >
            ×
      </span>
</span>,
  ],
  "options": Object {},
  "renderer": ReactShallowRenderer {
    "_instance": ShallowComponentWrapper {
      "_calledComponentWillUnmount": false,
      "_compositeType": 1,
      "_context": Object {},
      "_currentElement": <Tag
        closable={true}
        onClose={[Function]}
        outline={true}
        shape="pill"
        theme="danger"
/>,
      "_debugID": 1,
      "_hostContainerInfo": null,
      "_hostParent": null,
      "_instance": Tag {
        "_reactInternalInstance": [Circular],
        "context": Object {},
        "props": Object {
          "closable": true,
          "onClose": [Function],
          "outline": true,
          "shape": "pill",
          "theme": "danger",
        },
        "refs": Object {},
        "state": null,
        "updater": Object {
          "enqueueCallback": [Function],
          "enqueueCallbackInternal": [Function],
          "enqueueElementInternal": [Function],
          "enqueueForceUpdate": [Function],
          "enqueueReplaceState": [Function],
          "enqueueSetState": [Function],
          "isMounted": [Function],
          "validateCallback": [Function],
        },
      },
      "_mountOrder": 1,
      "_pendingCallbacks": null,
      "_pendingElement": null,
      "_pendingForceUpdate": false,
      "_pendingReplaceState": false,
      "_pendingStateQueue": null,
      "_renderedComponent": NoopInternalComponent {
        "_currentElement": <span
          className="tag tag-outline-danger tag-pill"
>
          <span
                    className="tag-close"
                    onClick={[Function]}
          >
                    ×
          </span>
</span>,
        "_debugID": 2,
        "_renderedOutput": <span
          className="tag tag-outline-danger tag-pill"
>
          <span
                    className="tag-close"
                    onClick={[Function]}
          >
                    ×
          </span>
</span>,
      },
      "_renderedNodeType": 0,
      "_rootNodeID": 0,
      "_topLevelWrapper": null,
      "_updateBatchNumber": null,
      "_warnedAboutRefsInRender": false,
    },
    "getRenderOutput": [Function],
    "render": [Function],
  },
  "root": [Circular],
  "unrendered": <Tag
    closable={true}
    onClose={[Function]}
    outline={true}
    shape="pill"
    theme="danger"
/>,
}
`;
